[contract-runner] profile=full revision=63ef05e84ceee4c0aa2d08b8662059efa6ce74ca dirty=false compiler=julia version 1.12.7
[contract-runner] embedded workload table agrees with /Users/durant/Repos/ds/gafro-benchmarks/contracts/workloads-v1.json
[contract-runner] full: dense_geometric_product/f64/scalar
[contract-runner]   supported: 15 samples, 1346.817 ns/operation (best sample), oracle value 1.0
[contract-runner] full: dense_geometric_product/f64/orthogonal
[contract-runner]   unsupported: gafro-julia has no orthogonal ePlus/eMinus basis layout: src/algebra/blades.jl defines only the G(4,1) null-basis blades over e0,e1,e2,e3,ei, so the workload's declared orthogonal operand basis cannot be constructed
[contract-runner] full: dense_geometric_product/f64/orthogonal_conversion
[contract-runner]   unsupported: gafro-julia has no orthogonal ePlus/eMinus basis layout and no null-basis conversion boundary: src/algebra/blades.jl defines only the G(4,1) null-basis blades over e0,e1,e2,e3,ei, so neither the declared operand basis nor the orthogonal-to-null conversion at either boundary exists
[contract-runner] full: motor_composition_gp/f64/scalar
[contract-runner]   supported: 15 samples, 88.271 ns/operation (best sample), oracle value 1.0
[contract-runner] full: sandwich_point_transform/f64/e1
[contract-runner]   supported: 15 samples, 301.621 ns/operation (best sample), oracle value 3.5
[contract-runner] full: point_pair_outer_product/f64/e12
[contract-runner]   supported: 15 samples, 64.421 ns/operation (best sample), oracle value 1.0
[contract-runner] full: rotor_construction/f64/scalar
[contract-runner]   supported: 15 samples, 15.562 ns/operation (best sample), oracle value 0.7071067811865476
[contract-runner] full: translator_construction/f64/e1i
[contract-runner]   supported: 15 samples, 3.246 ns/operation (best sample), oracle value -0.5
[contract-runner] full: batch_motor_composition/f64/n16/scalar_lane0
[contract-runner]   supported: 15 samples, 5.938 ns/operation (best sample), oracle value 1.0
[contract-runner] full: batch_motor_composition/f64/n256/scalar_lane0
[contract-runner]   supported: 15 samples, 5.681 ns/operation (best sample), oracle value 1.0
[contract-runner] full: batch_motor_composition/f64/n4096/scalar_lane0
[contract-runner]   supported: 15 samples, 8.555 ns/operation (best sample), oracle value 1.0
[contract-runner] full: batch_point_transform/f64/n16/e1_lane0
[contract-runner]   supported: 15 samples, 1.506 ns/operation (best sample), oracle value 3.5
[contract-runner] full: batch_point_transform/f64/n256/e1_lane0
[contract-runner]   supported: 15 samples, 1.073 ns/operation (best sample), oracle value 3.5
[contract-runner] full: batch_point_transform/f64/n4096/e1_lane0
[contract-runner]   supported: 15 samples, 1.048 ns/operation (best sample), oracle value 3.5
[contract-runner] full: robotics_forward_kinematics_2r/f64/motor_checksum
[contract-runner]   supported: 15 samples, 345.762 ns/operation (best sample), oracle value -1.414213562373095
[contract-runner] full: robotics_geometric_jacobian_2r/f64/base_checksum
[contract-runner]   supported: 15 samples, 7564.192 ns/operation (best sample), oracle value 5.0
